// Jest Snapshot v1, https://goo.gl/fbAQLP

exports[`<SectionContainer /> Should render content 1`] = `
.c0 {
  max-width: 120rem;
  margin: 0 auto;
  padding: 1.6rem;
  width: 100%;
}

<div>
  <div
    class="c0"
  >
    Children
  </div>
</div>
`;
